eeschema (2011-05-25)-stable  >> Creation date: Tue 18 Feb 2014 11:22:18 NZDT

#Cmp ( order = Reference )
| Antenna1   CONN_1      
| C1         0.1u        
| C2         0.1u        
| C3         0.1u        
| C4         0.1u        
| C5         0.1u        
| C6         0.1u        
| C7         0.1u        
| C8         0.1u        
| C9         0.1u        
| C10        0.1u        
| C11        0.1u        
| C12        0.1u        
| C13        0.1u        
| C14        0.1u        
| C15        0.1u        
| C16        0.1u        
| C17        0.1u        
| C18        0.1u        
| C19        0.1u        
| C20        0.1u        
| C21        0.1u        
| C22        0.1u        
| C23        0.1u        
| C24        0.1u        
| C25        0.1u        
| C26        0.1u        
| C27        0.1u        
| C28        100uF       
| C29        0.1u        
| C30        0.1u        
| D1         1N4148      
| D2         1N4148      
| D3         GP10Y       
| D4         GP10Y       
| D5         GP10Y       
| D6         GP10Y       
| D7         GP10Y       
| Eth1       CONN_1      
| Eth2       CONN_1      
| Eth3       CONN_1      
| L1         100 uH      
| L2         100 uH      
| L3         100 uH      
| L4         100 uH      
| P1         Tx/Rx       
| Q1         PN100       
| Q2         PN100       
| Q3         BD140       
| Q4         BD139       
| Q5         BD140       
| Q6         BD139       
| R1         10K         
| R2         10K         
| R3         22K         
| R4         2K2         
| R5         1M          
| R6         150R        
| R7         1M          
| R8         2K2         
| R9         2K2         
| R10        2R2         
| R11        2K2         
| R12        100R        
| R13        22K         
| R14        2K2         
| R15        2R2         
| R16        150R        
| Rx1        CONN_1      
| Tx1        CONN_1      
#End Cmp

#Cmp ( order = Value )
| 0.1u         C1        
| 0.1u         C2        
| 0.1u         C3        
| 0.1u         C4        
| 0.1u         C5        
| 0.1u         C6        
| 0.1u         C7        
| 0.1u         C8        
| 0.1u         C9        
| 0.1u         C10       
| 0.1u         C11       
| 0.1u         C12       
| 0.1u         C13       
| 0.1u         C14       
| 0.1u         C15       
| 0.1u         C16       
| 0.1u         C17       
| 0.1u         C18       
| 0.1u         C19       
| 0.1u         C20       
| 0.1u         C21       
| 0.1u         C22       
| 0.1u         C23       
| 0.1u         C24       
| 0.1u         C25       
| 0.1u         C26       
| 0.1u         C27       
| 0.1u         C29       
| 0.1u         C30       
| 100 uH       L1        
| 100 uH       L2        
| 100 uH       L3        
| 100 uH       L4        
| 100R         R12       
| 100uF        C28       
| 10K          R1        
| 10K          R2        
| 150R         R6        
| 150R         R16       
| 1M           R5        
| 1M           R7        
| 1N4148       D1        
| 1N4148       D2        
| 22K          R3        
| 22K          R13       
| 2K2          R4        
| 2K2          R8        
| 2K2          R9        
| 2K2          R11       
| 2K2          R14       
| 2R2          R10       
| 2R2          R15       
| BD139        Q4        
| BD139        Q6        
| BD140        Q3        
| BD140        Q5        
| CONN_1       Antenna1  
| CONN_1       Eth1      
| CONN_1       Eth2      
| CONN_1       Eth3      
| CONN_1       Rx1       
| CONN_1       Tx1       
| GP10Y        D3        
| GP10Y        D4        
| GP10Y        D5        
| GP10Y        D6        
| GP10Y        D7        
| PN100        Q1        
| PN100        Q2        
| Tx/Rx        P1        
#End Cmp

#End List
